24/Jul/2026:00:00:04 +0000 [17722] <- 200 application/json 2ms [cm-p12345-e67890-aem-author-fr8h4lctr-qs632]
24/Jul/2026:00:00:04 +0000 [17722] -> HEAD /systemready HTTP/1.1 [cm-p12345-e67890-aem-author-fr8h4lctr-qs632]
24/Jul/2026:00:00:11 +0000 [17910] -> HEAD /libs/granite/core/content/login.html HTTP/1.1 [cm-p12345-e67890-aem-author-fr8h4lctr-6liqc]
24/Jul/2026:00:00:11 +0000 [17910] <- 200 text/html;charset=utf-8 8ms [cm-p12345-e67890-aem-author-fr8h4lctr-6liqc]
24/Jul/2026:00:00:12 +0000 [17724] -> HEAD /libs/granite/core/content/login.html HTTP/1.1 [cm-p12345-e67890-aem-author-fr8h4lctr-qs632]
24/Jul/2026:00:00:12 +0000 [17724] <- 200 text/html;charset=utf-8 17ms [cm-p12345-e67890-aem-author-fr8h4lctr-qs632]
24/Jul/2026:00:00:12 +0000 [17723] <- 200 text/plain; version=0.0.4; charset=utf-8 113ms [cm-p12345-e67890-aem-author-fr8h4lctr-qs632]
24/Jul/2026:00:00:12 +0000 [17723] -> GET /metrics HTTP/1.1 [cm-p12345-e67890-aem-author-fr8h4lctr-qs632]
24/Jul/2026:00:00:14 +0000 [17911] <- 200 application/json 0ms [cm-p12345-e67890-aem-author-fr8h4lctr-6liqc]
24/Jul/2026:00:00:14 +0000 [17911] -> HEAD /systemready HTTP/1.1 [cm-p12345-e67890-aem-author-fr8h4lctr-6liqc]
24/Jul/2026:00:00:15 +0000 [17912] <- 200 text/plain; version=0.0.4; charset=utf-8 114ms [cm-p12345-e67890-aem-author-fr8h4lctr-6liqc]
24/Jul/2026:00:00:15 +0000 [17912] -> GET /metrics HTTP/1.1 [cm-p12345-e67890-aem-author-fr8h4lctr-6liqc]
24/Jul/2026:00:00:24 +0000 [17913] -> GET /metrics HTTP/1.1 [cm-p12345-e67890-aem-author-fr8h4lctr-6liqc]
24/Jul/2026:00:00:24 +0000 [17913] <- 200 text/plain; version=0.0.4; charset=utf-8 112ms [cm-p12345-e67890-aem-author-fr8h4lctr-6liqc]
24/Jul/2026:00:00:25 +0000 [17725] <- 200 application/json 1ms [cm-p12345-e67890-aem-author-fr8h4lctr-qs632]
24/Jul/2026:00:00:25 +0000 [17725] -> HEAD /systemready HTTP/1.1 [cm-p12345-e67890-aem-author-fr8h4lctr-qs632]
24/Jul/2026:00:00:26 +0000 [17914] -> HEAD /libs/granite/core/content/login.html HTTP/1.1 [cm-p12345-e67890-aem-author-fr8h4lctr-6liqc]
24/Jul/2026:00:00:26 +0000 [17914] <- 200 text/html;charset=utf-8 66ms [cm-p12345-e67890-aem-author-fr8h4lctr-6liqc]
24/Jul/2026:00:00:27 +0000 [17726] <- 200 text/html;charset=utf-8 8ms [cm-p12345-e67890-aem-author-fr8h4lctr-qs632]
24/Jul/2026:00:00:27 +0000 [17726] -> HEAD /libs/granite/core/content/login.html HTTP/1.1 [cm-p12345-e67890-aem-author-fr8h4lctr-qs632]
24/Jul/2026:00:00:37 +0000 [17915] <- 200 application/json 1ms [cm-p12345-e67890-aem-author-fr8h4lctr-6liqc]
24/Jul/2026:00:00:37 +0000 [17915] -> HEAD /systemready HTTP/1.1 [cm-p12345-e67890-aem-author-fr8h4lctr-6liqc]
24/Jul/2026:00:00:41 +0000 [17916] <- 200 text/html;charset=utf-8 10ms [cm-p12345-e67890-aem-author-fr8h4lctr-6liqc]
24/Jul/2026:00:00:41 +0000 [17916] -> HEAD /libs/granite/core/content/login.html HTTP/1.1 [cm-p12345-e67890-aem-author-fr8h4lctr-6liqc]
24/Jul/2026:00:00:42 +0000 [17727] -> HEAD /libs/granite/core/content/login.html HTTP/1.1 [cm-p12345-e67890-aem-author-fr8h4lctr-qs632]
24/Jul/2026:02:29:49 +0000 [19199] -> HEAD /libs/granite/core/content/login.html HTTP/1.1 [cm-p12345-e67890-aem-author-fr8h4lctr-6liqc]
24/Jul/2026:02:29:49 +0000 [19199] <- 200 text/html;charset=utf-8 71ms [cm-p12345-e67890-aem-author-fr8h4lctr-6liqc]
24/Jul/2026:02:29:49 +0000 [18975] -> HEAD /libs/granite/core/content/login.html HTTP/1.1 [cm-p12345-e67890-aem-author-fr8h4lctr-qs632]
24/Jul/2026:02:29:49 +0000 [18975] <- 200 text/html;charset=utf-8 8ms [cm-p12345-e67890-aem-author-fr8h4lctr-qs632]
24/Jul/2026:02:29:53 +0000 [18976] -> GET /metrics HTTP/1.1 [cm-p12345-e67890-aem-author-fr8h4lctr-qs632]
24/Jul/2026:02:29:54 +0000 [18976] <- 200 text/plain; version=0.0.4; charset=utf-8 119ms [cm-p12345-e67890-aem-author-fr8h4lctr-qs632]
24/Jul/2026:02:30:04 +0000 [19201] -> HEAD /libs/granite/core/content/login.html HTTP/1.1 [cm-p12345-e67890-aem-author-fr8h4lctr-6liqc]
24/Jul/2026:02:30:04 +0000 [19201] <- 200 text/html;charset=utf-8 8ms [cm-p12345-e67890-aem-author-fr8h4lctr-6liqc]
24/Jul/2026:02:30:04 +0000 [18977] <- 200 application/json 1ms [cm-p12345-e67890-aem-author-fr8h4lctr-qs632]
24/Jul/2026:02:30:04 +0000 [18978] -> HEAD /libs/granite/core/content/login.html HTTP/1.1 [cm-p12345-e67890-aem-author-fr8h4lctr-qs632]
24/Jul/2026:02:30:04 +0000 [18978] <- 200 text/html;charset=utf-8 19ms [cm-p12345-e67890-aem-author-fr8h4lctr-qs632]
24/Jul/2026:02:30:04 +0000 [18977] -> HEAD /systemready HTTP/1.1 [cm-p12345-e67890-aem-author-fr8h4lctr-qs632]
24/Jul/2026:02:30:12 +0000 [18979] -> GET /metrics HTTP/1.1 [cm-p12345-e67890-aem-author-fr8h4lctr-qs632]
24/Jul/2026:02:30:12 +0000 [18979] <- 200 text/plain; version=0.0.4; charset=utf-8 109ms [cm-p12345-e67890-aem-author-fr8h4lctr-qs632]
24/Jul/2026:02:30:13 +0000 [19202] <- 200 application/json 1ms [cm-p12345-e67890-aem-author-fr8h4lctr-6liqc]
24/Jul/2026:02:30:13 +0000 [19202] -> HEAD /systemready HTTP/1.1 [cm-p12345-e67890-aem-author-fr8h4lctr-6liqc]
24/Jul/2026:02:30:15 +0000 [19203] <- 200 text/plain; version=0.0.4; charset=utf-8 108ms [cm-p12345-e67890-aem-author-fr8h4lctr-6liqc]
24/Jul/2026:02:30:15 +0000 [19203] -> GET /metrics HTTP/1.1 [cm-p12345-e67890-aem-author-fr8h4lctr-6liqc]
24/Jul/2026:02:30:19 +0000 [19204] <- 200 text/html;charset=utf-8 66ms [cm-p12345-e67890-aem-author-fr8h4lctr-6liqc]
24/Jul/2026:02:30:19 +0000 [19204] -> HEAD /libs/granite/core/content/login.html HTTP/1.1 [cm-p12345-e67890-aem-author-fr8h4lctr-6liqc]
24/Jul/2026:02:30:19 +0000 [18980] <- 200 text/html;charset=utf-8 17ms [cm-p12345-e67890-aem-author-fr8h4lctr-qs632]
24/Jul/2026:02:30:19 +0000 [18980] -> HEAD /libs/granite/core/content/login.html HTTP/1.1 [cm-p12345-e67890-aem-author-fr8h4lctr-qs632]
24/Jul/2026:02:30:24 +0000 [19205] -> GET /metrics HTTP/1.1 [cm-p12345-e67890-aem-author-fr8h4lctr-6liqc]
24/Jul/2026:02:30:24 +0000 [19205] <- 200 text/plain; version=0.0.4; charset=utf-8 116ms [cm-p12345-e67890-aem-author-fr8h4lctr-6liqc]
24/Jul/2026:02:30:25 +0000 [18981] <- 200 application/json 1ms [cm-p12345-e67890-aem-author-fr8h4lctr-qs632]
24/Jul/2026:04:59:37 +0000 [20256] -> HEAD /systemready HTTP/1.1 [cm-p12345-e67890-aem-author-fr8h4lctr-qs632]
24/Jul/2026:04:59:37 +0000 [20256] <- 200 application/json 0ms [cm-p12345-e67890-aem-author-fr8h4lctr-qs632]
24/Jul/2026:04:59:41 +0000 [20257] <- 200 text/html;charset=utf-8 16ms [cm-p12345-e67890-aem-author-fr8h4lctr-qs632]
24/Jul/2026:04:59:41 +0000 [20257] -> HEAD /libs/granite/core/content/login.html HTTP/1.1 [cm-p12345-e67890-aem-author-fr8h4lctr-qs632]
24/Jul/2026:04:59:43 +0000 [20462] <- 200 text/html;charset=utf-8 71ms [cm-p12345-e67890-aem-author-fr8h4lctr-6liqc]
24/Jul/2026:04:59:43 +0000 [20462] -> HEAD /libs/granite/core/content/login.html HTTP/1.1 [cm-p12345-e67890-aem-author-fr8h4lctr-6liqc]
24/Jul/2026:04:59:49 +0000 [20258] -> HEAD /systemready HTTP/1.1 [cm-p12345-e67890-aem-author-fr8h4lctr-qs632]
24/Jul/2026:04:59:49 +0000 [20258] <- 200 application/json 1ms [cm-p12345-e67890-aem-author-fr8h4lctr-qs632]
24/Jul/2026:04:59:53 +0000 [20259] -> GET /metrics HTTP/1.1 [cm-p12345-e67890-aem-author-fr8h4lctr-qs632]
24/Jul/2026:04:59:54 +0000 [20259] <- 200 text/plain; version=0.0.4; charset=utf-8 110ms [cm-p12345-e67890-aem-author-fr8h4lctr-qs632]
24/Jul/2026:04:59:56 +0000 [20260] -> HEAD /libs/granite/core/content/login.html HTTP/1.1 [cm-p12345-e67890-aem-author-fr8h4lctr-qs632]
24/Jul/2026:04:59:56 +0000 [20260] <- 200 text/html;charset=utf-8 15ms [cm-p12345-e67890-aem-author-fr8h4lctr-qs632]
24/Jul/2026:04:59:58 +0000 [20463] -> HEAD /libs/granite/core/content/login.html HTTP/1.1 [cm-p12345-e67890-aem-author-fr8h4lctr-6liqc]
24/Jul/2026:04:59:58 +0000 [20463] <- 200 text/html;charset=utf-8 8ms [cm-p12345-e67890-aem-author-fr8h4lctr-6liqc]
24/Jul/2026:05:00:03 +0000 [20261] <- 200 application/json 0ms [cm-p12345-e67890-aem-author-fr8h4lctr-qs632]
24/Jul/2026:05:00:03 +0000 [20261] -> HEAD /systemready HTTP/1.1 [cm-p12345-e67890-aem-author-fr8h4lctr-qs632]
24/Jul/2026:05:00:11 +0000 [20262] -> HEAD /libs/granite/core/content/login.html HTTP/1.1 [cm-p12345-e67890-aem-author-fr8h4lctr-qs632]
24/Jul/2026:05:00:11 +0000 [20262] <- 200 text/html;charset=utf-8 7ms [cm-p12345-e67890-aem-author-fr8h4lctr-qs632]
24/Jul/2026:05:00:12 +0000 [20263] <- 200 text/plain; version=0.0.4; charset=utf-8 115ms [cm-p12345-e67890-aem-author-fr8h4lctr-qs632]
24/Jul/2026:05:00:12 +0000 [20263] -> GET /metrics HTTP/1.1 [cm-p12345-e67890-aem-author-fr8h4lctr-qs632]
24/Jul/2026:05:00:13 +0000 [20465] <- 200 text/html;charset=utf-8 60ms [cm-p12345-e67890-aem-author-fr8h4lctr-6liqc]
24/Jul/2026:05:00:13 +0000 [20464] -> HEAD /systemready HTTP/1.1 [cm-p12345-e67890-aem-author-fr8h4lctr-6liqc]
24/Jul/2026:05:00:13 +0000 [20465] -> HEAD /libs/granite/core/content/login.html HTTP/1.1 [cm-p12345-e67890-aem-author-fr8h4lctr-6liqc]
24/Jul/2026:05:00:13 +0000 [20464] <- 200 application/json 1ms [cm-p12345-e67890-aem-author-fr8h4lctr-6liqc]
24/Jul/2026:05:00:15 +0000 [20466] <- 200 text/plain; version=0.0.4; charset=utf-8 127ms [cm-p12345-e67890-aem-author-fr8h4lctr-6liqc]
24/Jul/2026:07:27:12 +0000 [21504] -> GET /metrics HTTP/1.1 [cm-p12345-e67890-aem-author-fr8h4lctr-qs632]
24/Jul/2026:07:27:12 +0000 [21504] <- 200 text/plain; version=0.0.4; charset=utf-8 114ms [cm-p12345-e67890-aem-author-fr8h4lctr-qs632]
24/Jul/2026:07:27:13 +0000 [21505] -> HEAD /systemready HTTP/1.1 [cm-p12345-e67890-aem-author-fr8h4lctr-qs632]
24/Jul/2026:07:27:13 +0000 [21505] <- 200 application/json 0ms [cm-p12345-e67890-aem-author-fr8h4lctr-qs632]
24/Jul/2026:07:27:15 +0000 [21758] <- 200 text/plain; version=0.0.4; charset=utf-8 94ms [cm-p12345-e67890-aem-author-fr8h4lctr-6liqc]
24/Jul/2026:07:27:15 +0000 [21758] -> GET /metrics HTTP/1.1 [cm-p12345-e67890-aem-author-fr8h4lctr-6liqc]
24/Jul/2026:07:27:19 +0000 [21759] <- 200 text/html;charset=utf-8 17ms [cm-p12345-e67890-aem-author-fr8h4lctr-6liqc]
24/Jul/2026:07:27:19 +0000 [21759] -> HEAD /libs/granite/core/content/login.html HTTP/1.1 [cm-p12345-e67890-aem-author-fr8h4lctr-6liqc]
24/Jul/2026:07:27:20 +0000 [21506] -> HEAD /libs/granite/core/content/login.html HTTP/1.1 [cm-p12345-e67890-aem-author-fr8h4lctr-qs632]
24/Jul/2026:07:27:21 +0000 [21506] <- 200 text/html;charset=utf-8 1023ms [cm-p12345-e67890-aem-author-fr8h4lctr-qs632]
24/Jul/2026:07:27:24 +0000 [21760] -> GET /metrics HTTP/1.1 [cm-p12345-e67890-aem-author-fr8h4lctr-6liqc]
24/Jul/2026:07:27:24 +0000 [21760] <- 200 text/plain; version=0.0.4; charset=utf-8 110ms [cm-p12345-e67890-aem-author-fr8h4lctr-6liqc]
24/Jul/2026:07:27:25 +0000 [21507] <- 200 application/json 1ms [cm-p12345-e67890-aem-author-fr8h4lctr-qs632]
24/Jul/2026:07:27:25 +0000 [21507] -> HEAD /systemready HTTP/1.1 [cm-p12345-e67890-aem-author-fr8h4lctr-qs632]
24/Jul/2026:07:27:34 +0000 [21761] <- 200 text/html;charset=utf-8 69ms [cm-p12345-e67890-aem-author-fr8h4lctr-6liqc]
24/Jul/2026:07:27:34 +0000 [21761] -> HEAD /libs/granite/core/content/login.html HTTP/1.1 [cm-p12345-e67890-aem-author-fr8h4lctr-6liqc]
24/Jul/2026:07:27:36 +0000 [21508] <- 200 text/html;charset=utf-8 8ms [cm-p12345-e67890-aem-author-fr8h4lctr-qs632]
24/Jul/2026:07:27:36 +0000 [21508] -> HEAD /libs/granite/core/content/login.html HTTP/1.1 [cm-p12345-e67890-aem-author-fr8h4lctr-qs632]
24/Jul/2026:07:27:37 +0000 [21762] -> HEAD /systemready HTTP/1.1 [cm-p12345-e67890-aem-author-fr8h4lctr-6liqc]
24/Jul/2026:07:27:37 +0000 [21762] <- 200 application/json 1ms [cm-p12345-e67890-aem-author-fr8h4lctr-6liqc]
24/Jul/2026:07:27:49 +0000 [21763] -> HEAD /systemready HTTP/1.1 [cm-p12345-e67890-aem-author-fr8h4lctr-6liqc]
24/Jul/2026:07:27:49 +0000 [21763] <- 200 application/json 0ms [cm-p12345-e67890-aem-author-fr8h4lctr-6liqc]
24/Jul/2026:07:27:49 +0000 [21764] -> HEAD /libs/granite/core/content/login.html HTTP/1.1 [cm-p12345-e67890-aem-author-fr8h4lctr-6liqc]
24/Jul/2026:07:27:49 +0000 [21764] <- 200 text/html;charset=utf-8 7ms [cm-p12345-e67890-aem-author-fr8h4lctr-6liqc]
24/Jul/2026:07:27:51 +0000 [21509] -> HEAD /libs/granite/core/content/login.html HTTP/1.1 [cm-p12345-e67890-aem-author-fr8h4lctr-qs632]
24/Jul/2026:09:54:37 +0000 [22752] -> HEAD /systemready HTTP/1.1 [cm-p12345-e67890-aem-author-fr8h4lctr-qs632]
24/Jul/2026:09:54:37 +0000 [22752] <- 200 application/json 0ms [cm-p12345-e67890-aem-author-fr8h4lctr-qs632]
24/Jul/2026:09:54:38 +0000 [22753] <- 200 text/html;charset=utf-8 9ms [cm-p12345-e67890-aem-author-fr8h4lctr-qs632]
24/Jul/2026:09:54:38 +0000 [22753] -> HEAD /libs/granite/core/content/login.html HTTP/1.1 [cm-p12345-e67890-aem-author-fr8h4lctr-qs632]
24/Jul/2026:09:54:42 +0000 [23054] -> HEAD /libs/granite/core/content/login.html HTTP/1.1 [cm-p12345-e67890-aem-author-fr8h4lctr-6liqc]
24/Jul/2026:09:54:42 +0000 [23054] <- 200 text/html;charset=utf-8 9ms [cm-p12345-e67890-aem-author-fr8h4lctr-6liqc]
24/Jul/2026:09:54:49 +0000 [22754] -> HEAD /systemready HTTP/1.1 [cm-p12345-e67890-aem-author-fr8h4lctr-qs632]
24/Jul/2026:09:54:49 +0000 [22754] <- 200 application/json 0ms [cm-p12345-e67890-aem-author-fr8h4lctr-qs632]
24/Jul/2026:09:54:53 +0000 [22755] -> HEAD /libs/granite/core/content/login.html HTTP/1.1 [cm-p12345-e67890-aem-author-fr8h4lctr-qs632]
24/Jul/2026:09:54:53 +0000 [22755] <- 200 text/html;charset=utf-8 17ms [cm-p12345-e67890-aem-author-fr8h4lctr-qs632]
24/Jul/2026:09:54:53 +0000 [22756] -> GET /metrics HTTP/1.1 [cm-p12345-e67890-aem-author-fr8h4lctr-qs632]
24/Jul/2026:09:54:54 +0000 [22756] <- 200 text/plain; version=0.0.4; charset=utf-8 116ms [cm-p12345-e67890-aem-author-fr8h4lctr-qs632]
24/Jul/2026:09:54:57 +0000 [23055] <- 200 text/html;charset=utf-8 87ms [cm-p12345-e67890-aem-author-fr8h4lctr-6liqc]
24/Jul/2026:09:54:57 +0000 [23055] -> HEAD /libs/granite/core/content/login.html HTTP/1.1 [cm-p12345-e67890-aem-author-fr8h4lctr-6liqc]
24/Jul/2026:09:55:04 +0000 [22757] -> HEAD /systemready HTTP/1.1 [cm-p12345-e67890-aem-author-fr8h4lctr-qs632]
24/Jul/2026:09:55:04 +0000 [22757] <- 200 application/json 1ms [cm-p12345-e67890-aem-author-fr8h4lctr-qs632]
24/Jul/2026:09:55:08 +0000 [22758] -> HEAD /libs/granite/core/content/login.html HTTP/1.1 [cm-p12345-e67890-aem-author-fr8h4lctr-qs632]
24/Jul/2026:09:55:08 +0000 [22758] <- 200 text/html;charset=utf-8 8ms [cm-p12345-e67890-aem-author-fr8h4lctr-qs632]
24/Jul/2026:09:55:12 +0000 [22759] -> GET /metrics HTTP/1.1 [cm-p12345-e67890-aem-author-fr8h4lctr-qs632]
24/Jul/2026:09:55:12 +0000 [23056] -> HEAD /libs/granite/core/content/login.html HTTP/1.1 [cm-p12345-e67890-aem-author-fr8h4lctr-6liqc]
24/Jul/2026:09:55:12 +0000 [22759] <- 200 text/plain; version=0.0.4; charset=utf-8 119ms [cm-p12345-e67890-aem-author-fr8h4lctr-qs632]
24/Jul/2026:09:55:12 +0000 [23056] <- 200 text/html;charset=utf-8 8ms [cm-p12345-e67890-aem-author-fr8h4lctr-6liqc]
24/Jul/2026:09:55:13 +0000 [23057] <- 200 application/json 1ms [cm-p12345-e67890-aem-author-fr8h4lctr-6liqc]
24/Jul/2026:09:55:13 +0000 [23057] -> HEAD /systemready HTTP/1.1 [cm-p12345-e67890-aem-author-fr8h4lctr-6liqc]
24/Jul/2026:09:55:15 +0000 [23058] <- 200 text/plain; version=0.0.4; charset=utf-8 107ms [cm-p12345-e67890-aem-author-fr8h4lctr-6liqc]
24/Jul/2026:12:24:50 +0000 [24317] <- 200 text/html;charset=utf-8 65ms [cm-p12345-e67890-aem-author-fr8h4lctr-6liqc]
24/Jul/2026:12:24:50 +0000 [24317] -> HEAD /libs/granite/core/content/login.html HTTP/1.1 [cm-p12345-e67890-aem-author-fr8h4lctr-6liqc]
24/Jul/2026:12:24:53 +0000 [24033] -> GET /metrics HTTP/1.1 [cm-p12345-e67890-aem-author-fr8h4lctr-qs632]
24/Jul/2026:12:24:54 +0000 [24033] <- 200 text/plain; version=0.0.4; charset=utf-8 114ms [cm-p12345-e67890-aem-author-fr8h4lctr-qs632]
24/Jul/2026:12:24:58 +0000 [24034] -> HEAD /libs/granite/core/content/login.html HTTP/1.1 [cm-p12345-e67890-aem-author-fr8h4lctr-qs632]
24/Jul/2026:12:24:58 +0000 [24034] <- 200 text/html;charset=utf-8 8ms [cm-p12345-e67890-aem-author-fr8h4lctr-qs632]
24/Jul/2026:12:25:05 +0000 [24318] -> HEAD /libs/granite/core/content/login.html HTTP/1.1 [cm-p12345-e67890-aem-author-fr8h4lctr-6liqc]
24/Jul/2026:12:25:05 +0000 [24318] <- 200 text/html;charset=utf-8 8ms [cm-p12345-e67890-aem-author-fr8h4lctr-6liqc]
24/Jul/2026:12:25:05 +0000 [24319] -> HEAD /systemready HTTP/1.1 [cm-p12345-e67890-aem-author-fr8h4lctr-6liqc]
24/Jul/2026:12:25:05 +0000 [24319] <- 200 application/json 1ms [cm-p12345-e67890-aem-author-fr8h4lctr-6liqc]
24/Jul/2026:12:25:12 +0000 [24035] <- 200 text/plain; version=0.0.4; charset=utf-8 95ms [cm-p12345-e67890-aem-author-fr8h4lctr-qs632]
24/Jul/2026:12:25:12 +0000 [24035] -> GET /metrics HTTP/1.1 [cm-p12345-e67890-aem-author-fr8h4lctr-qs632]
24/Jul/2026:12:25:13 +0000 [24037] <- 200 application/json 1ms [cm-p12345-e67890-aem-author-fr8h4lctr-qs632]
24/Jul/2026:12:25:13 +0000 [24037] -> HEAD /systemready HTTP/1.1 [cm-p12345-e67890-aem-author-fr8h4lctr-qs632]
24/Jul/2026:12:25:13 +0000 [24036] <- 200 text/html;charset=utf-8 26ms [cm-p12345-e67890-aem-author-fr8h4lctr-qs632]
24/Jul/2026:12:25:13 +0000 [24036] -> HEAD /libs/granite/core/content/login.html HTTP/1.1 [cm-p12345-e67890-aem-author-fr8h4lctr-qs632]
24/Jul/2026:12:25:15 +0000 [24320] <- 200 text/plain; version=0.0.4; charset=utf-8 107ms [cm-p12345-e67890-aem-author-fr8h4lctr-6liqc]
24/Jul/2026:12:25:15 +0000 [24320] -> GET /metrics HTTP/1.1 [cm-p12345-e67890-aem-author-fr8h4lctr-6liqc]
24/Jul/2026:12:25:20 +0000 [24321] <- 200 text/html;charset=utf-8 70ms [cm-p12345-e67890-aem-author-fr8h4lctr-6liqc]
24/Jul/2026:12:25:20 +0000 [24321] -> HEAD /libs/granite/core/content/login.html HTTP/1.1 [cm-p12345-e67890-aem-author-fr8h4lctr-6liqc]
24/Jul/2026:12:25:24 +0000 [24322] -> GET /metrics HTTP/1.1 [cm-p12345-e67890-aem-author-fr8h4lctr-6liqc]
24/Jul/2026:12:25:24 +0000 [24322] <- 200 text/plain; version=0.0.4; charset=utf-8 113ms [cm-p12345-e67890-aem-author-fr8h4lctr-6liqc]
24/Jul/2026:12:25:25 +0000 [24323] <- 200 application/json 1ms [cm-p12345-e67890-aem-author-fr8h4lctr-6liqc]
24/Jul/2026:12:25:25 +0000 [24323] -> HEAD /systemready HTTP/1.1 [cm-p12345-e67890-aem-author-fr8h4lctr-6liqc]
24/Jul/2026:12:25:28 +0000 [24038] <- 200 text/html;charset=utf-8 8ms [cm-p12345-e67890-aem-author-fr8h4lctr-qs632]
24/Jul/2026:14:53:55 +0000 [25589] -> HEAD /libs/granite/core/content/login.html HTTP/1.1 [cm-p12345-e67890-aem-author-fr8h4lctr-6liqc]
24/Jul/2026:14:53:55 +0000 [25589] <- 200 text/html;charset=utf-8 70ms [cm-p12345-e67890-aem-author-fr8h4lctr-6liqc]
24/Jul/2026:14:53:56 +0000 [25304] -> HEAD /libs/granite/core/content/login.html HTTP/1.1 [cm-p12345-e67890-aem-author-fr8h4lctr-qs632]
24/Jul/2026:14:53:56 +0000 [25304] <- 200 text/html;charset=utf-8 16ms [cm-p12345-e67890-aem-author-fr8h4lctr-qs632]
24/Jul/2026:14:54:03 +0000 [25590] <- 200 application/json 0ms [cm-p12345-e67890-aem-author-fr8h4lctr-6liqc]
24/Jul/2026:14:54:03 +0000 [25590] -> HEAD /systemready HTTP/1.1 [cm-p12345-e67890-aem-author-fr8h4lctr-6liqc]
24/Jul/2026:14:54:10 +0000 [25591] -> HEAD /libs/granite/core/content/login.html HTTP/1.1 [cm-p12345-e67890-aem-author-fr8h4lctr-6liqc]
24/Jul/2026:14:54:10 +0000 [25591] <- 200 text/html;charset=utf-8 8ms [cm-p12345-e67890-aem-author-fr8h4lctr-6liqc]
24/Jul/2026:14:54:11 +0000 [25305] -> HEAD /libs/granite/core/content/login.html HTTP/1.1 [cm-p12345-e67890-aem-author-fr8h4lctr-qs632]
24/Jul/2026:14:54:11 +0000 [25305] <- 200 text/html;charset=utf-8 16ms [cm-p12345-e67890-aem-author-fr8h4lctr-qs632]
24/Jul/2026:14:54:12 +0000 [25306] <- 200 text/plain; version=0.0.4; charset=utf-8 113ms [cm-p12345-e67890-aem-author-fr8h4lctr-qs632]
24/Jul/2026:14:54:12 +0000 [25306] -> GET /metrics HTTP/1.1 [cm-p12345-e67890-aem-author-fr8h4lctr-qs632]
24/Jul/2026:14:54:13 +0000 [25592] -> HEAD /systemready HTTP/1.1 [cm-p12345-e67890-aem-author-fr8h4lctr-6liqc]
24/Jul/2026:14:54:13 +0000 [25592] <- 200 application/json 1ms [cm-p12345-e67890-aem-author-fr8h4lctr-6liqc]
24/Jul/2026:14:54:15 +0000 [25593] -> GET /metrics HTTP/1.1 [cm-p12345-e67890-aem-author-fr8h4lctr-6liqc]
24/Jul/2026:14:54:15 +0000 [25593] <- 200 text/plain; version=0.0.4; charset=utf-8 112ms [cm-p12345-e67890-aem-author-fr8h4lctr-6liqc]
24/Jul/2026:14:54:24 +0000 [25594] -> GET /metrics HTTP/1.1 [cm-p12345-e67890-aem-author-fr8h4lctr-6liqc]
24/Jul/2026:14:54:24 +0000 [25594] <- 200 text/plain; version=0.0.4; charset=utf-8 108ms [cm-p12345-e67890-aem-author-fr8h4lctr-6liqc]
24/Jul/2026:14:54:25 +0000 [25595] -> HEAD /libs/granite/core/content/login.html HTTP/1.1 [cm-p12345-e67890-aem-author-fr8h4lctr-6liqc]
24/Jul/2026:14:54:26 +0000 [25596] -> HEAD /systemready HTTP/1.1 [cm-p12345-e67890-aem-author-fr8h4lctr-6liqc]
24/Jul/2026:14:54:26 +0000 [25596] <- 200 application/json 1ms [cm-p12345-e67890-aem-author-fr8h4lctr-6liqc]
24/Jul/2026:14:54:26 +0000 [25307] <- 200 text/html;charset=utf-8 8ms [cm-p12345-e67890-aem-author-fr8h4lctr-qs632]
24/Jul/2026:14:54:26 +0000 [25307] -> HEAD /libs/granite/core/content/login.html HTTP/1.1 [cm-p12345-e67890-aem-author-fr8h4lctr-qs632]
24/Jul/2026:14:54:26 +0000 [25595] <- 200 text/html;charset=utf-8 70ms [cm-p12345-e67890-aem-author-fr8h4lctr-6liqc]
24/Jul/2026:14:54:38 +0000 [25597] -> HEAD /systemready HTTP/1.1 [cm-p12345-e67890-aem-author-fr8h4lctr-6liqc]
24/Jul/2026:17:23:50 +0000 [26865] -> HEAD /systemready HTTP/1.1 [cm-p12345-e67890-aem-author-fr8h4lctr-6liqc]
24/Jul/2026:17:23:50 +0000 [26865] <- 200 application/json 7ms [cm-p12345-e67890-aem-author-fr8h4lctr-6liqc]
24/Jul/2026:17:23:53 +0000 [26572] -> GET /metrics HTTP/1.1 [cm-p12345-e67890-aem-author-fr8h4lctr-qs632]
24/Jul/2026:17:23:54 +0000 [26572] <- 200 text/plain; version=0.0.4; charset=utf-8 111ms [cm-p12345-e67890-aem-author-fr8h4lctr-qs632]
24/Jul/2026:17:24:01 +0000 [26866] <- 200 text/html;charset=utf-8 72ms [cm-p12345-e67890-aem-author-fr8h4lctr-6liqc]
24/Jul/2026:17:24:01 +0000 [26866] -> HEAD /libs/granite/core/content/login.html HTTP/1.1 [cm-p12345-e67890-aem-author-fr8h4lctr-6liqc]
24/Jul/2026:17:24:02 +0000 [26573] -> HEAD /libs/granite/core/content/login.html HTTP/1.1 [cm-p12345-e67890-aem-author-fr8h4lctr-qs632]
24/Jul/2026:17:24:02 +0000 [26573] <- 200 text/html;charset=utf-8 9ms [cm-p12345-e67890-aem-author-fr8h4lctr-qs632]
24/Jul/2026:17:24:03 +0000 [26867] -> HEAD /systemready HTTP/1.1 [cm-p12345-e67890-aem-author-fr8h4lctr-6liqc]
24/Jul/2026:17:24:03 +0000 [26867] <- 200 application/json 1ms [cm-p12345-e67890-aem-author-fr8h4lctr-6liqc]
24/Jul/2026:17:24:12 +0000 [26574] <- 200 text/plain; version=0.0.4; charset=utf-8 113ms [cm-p12345-e67890-aem-author-fr8h4lctr-qs632]
24/Jul/2026:17:24:12 +0000 [26574] -> GET /metrics HTTP/1.1 [cm-p12345-e67890-aem-author-fr8h4lctr-qs632]
24/Jul/2026:17:24:13 +0000 [26868] -> HEAD /systemready HTTP/1.1 [cm-p12345-e67890-aem-author-fr8h4lctr-6liqc]
24/Jul/2026:17:24:13 +0000 [26868] <- 200 application/json 0ms [cm-p12345-e67890-aem-author-fr8h4lctr-6liqc]
24/Jul/2026:17:24:15 +0000 [26869] <- 200 text/plain; version=0.0.4; charset=utf-8 114ms [cm-p12345-e67890-aem-author-fr8h4lctr-6liqc]
24/Jul/2026:17:24:15 +0000 [26869] -> GET /metrics HTTP/1.1 [cm-p12345-e67890-aem-author-fr8h4lctr-6liqc]
24/Jul/2026:17:24:16 +0000 [26870] <- 200 text/html;charset=utf-8 8ms [cm-p12345-e67890-aem-author-fr8h4lctr-6liqc]
24/Jul/2026:17:24:16 +0000 [26870] -> HEAD /libs/granite/core/content/login.html HTTP/1.1 [cm-p12345-e67890-aem-author-fr8h4lctr-6liqc]
24/Jul/2026:17:24:17 +0000 [26575] -> HEAD /libs/granite/core/content/login.html HTTP/1.1 [cm-p12345-e67890-aem-author-fr8h4lctr-qs632]
24/Jul/2026:17:24:17 +0000 [26575] <- 200 text/html;charset=utf-8 19ms [cm-p12345-e67890-aem-author-fr8h4lctr-qs632]
24/Jul/2026:17:24:24 +0000 [26871] -> GET /metrics HTTP/1.1 [cm-p12345-e67890-aem-author-fr8h4lctr-6liqc]
24/Jul/2026:17:24:24 +0000 [26871] <- 200 text/plain; version=0.0.4; charset=utf-8 109ms [cm-p12345-e67890-aem-author-fr8h4lctr-6liqc]
24/Jul/2026:17:24:25 +0000 [26872] <- 200 application/json 1ms [cm-p12345-e67890-aem-author-fr8h4lctr-6liqc]
24/Jul/2026:17:24:25 +0000 [26872] -> HEAD /systemready HTTP/1.1 [cm-p12345-e67890-aem-author-fr8h4lctr-6liqc]
24/Jul/2026:17:24:31 +0000 [26873] <- 200 text/html;charset=utf-8 64ms [cm-p12345-e67890-aem-author-fr8h4lctr-6liqc]
24/Jul/2026:19:53:38 +0000 [28155] -> HEAD /systemready HTTP/1.1 [cm-p12345-e67890-aem-author-fr8h4lctr-6liqc]
24/Jul/2026:19:53:38 +0000 [28156] <- 200 text/html;charset=utf-8 17ms [cm-p12345-e67890-aem-author-fr8h4lctr-6liqc]
24/Jul/2026:19:53:39 +0000 [27824] -> HEAD /libs/granite/core/content/login.html HTTP/1.1 [cm-p12345-e67890-aem-author-fr8h4lctr-qs632]
24/Jul/2026:19:53:39 +0000 [27824] <- 200 text/html;charset=utf-8 7ms [cm-p12345-e67890-aem-author-fr8h4lctr-qs632]
24/Jul/2026:19:53:49 +0000 [28157] <- 200 application/json 1ms [cm-p12345-e67890-aem-author-fr8h4lctr-6liqc]
24/Jul/2026:19:53:49 +0000 [28157] -> HEAD /systemready HTTP/1.1 [cm-p12345-e67890-aem-author-fr8h4lctr-6liqc]
24/Jul/2026:19:53:53 +0000 [28158] -> HEAD /libs/granite/core/content/login.html HTTP/1.1 [cm-p12345-e67890-aem-author-fr8h4lctr-6liqc]
24/Jul/2026:19:53:53 +0000 [28158] <- 200 text/html;charset=utf-8 70ms [cm-p12345-e67890-aem-author-fr8h4lctr-6liqc]
24/Jul/2026:19:53:53 +0000 [27825] -> GET /metrics HTTP/1.1 [cm-p12345-e67890-aem-author-fr8h4lctr-qs632]
24/Jul/2026:19:53:54 +0000 [27825] <- 200 text/plain; version=0.0.4; charset=utf-8 111ms [cm-p12345-e67890-aem-author-fr8h4lctr-qs632]
24/Jul/2026:19:53:54 +0000 [27826] -> HEAD /libs/granite/core/content/login.html HTTP/1.1 [cm-p12345-e67890-aem-author-fr8h4lctr-qs632]
24/Jul/2026:19:53:54 +0000 [27826] <- 200 text/html;charset=utf-8 8ms [cm-p12345-e67890-aem-author-fr8h4lctr-qs632]
24/Jul/2026:19:54:03 +0000 [28159] -> HEAD /systemready HTTP/1.1 [cm-p12345-e67890-aem-author-fr8h4lctr-6liqc]
24/Jul/2026:19:54:03 +0000 [28159] <- 200 application/json 1ms [cm-p12345-e67890-aem-author-fr8h4lctr-6liqc]
24/Jul/2026:19:54:08 +0000 [28160] -> HEAD /libs/granite/core/content/login.html HTTP/1.1 [cm-p12345-e67890-aem-author-fr8h4lctr-6liqc]
24/Jul/2026:19:54:08 +0000 [28160] <- 200 text/html;charset=utf-8 17ms [cm-p12345-e67890-aem-author-fr8h4lctr-6liqc]
24/Jul/2026:19:54:09 +0000 [27827] -> HEAD /libs/granite/core/content/login.html HTTP/1.1 [cm-p12345-e67890-aem-author-fr8h4lctr-qs632]
24/Jul/2026:19:54:09 +0000 [27827] <- 200 text/html;charset=utf-8 8ms [cm-p12345-e67890-aem-author-fr8h4lctr-qs632]
24/Jul/2026:19:54:12 +0000 [27828] -> GET /metrics HTTP/1.1 [cm-p12345-e67890-aem-author-fr8h4lctr-qs632]
24/Jul/2026:19:54:12 +0000 [27828] <- 200 text/plain; version=0.0.4; charset=utf-8 112ms [cm-p12345-e67890-aem-author-fr8h4lctr-qs632]
24/Jul/2026:19:54:13 +0000 [28161] -> HEAD /systemready HTTP/1.1 [cm-p12345-e67890-aem-author-fr8h4lctr-6liqc]
24/Jul/2026:19:54:13 +0000 [28161] <- 200 application/json 1ms [cm-p12345-e67890-aem-author-fr8h4lctr-6liqc]
24/Jul/2026:19:54:15 +0000 [28162] -> GET /metrics HTTP/1.1 [cm-p12345-e67890-aem-author-fr8h4lctr-6liqc]
24/Jul/2026:19:54:15 +0000 [28162] <- 200 text/plain; version=0.0.4; charset=utf-8 110ms [cm-p12345-e67890-aem-author-fr8h4lctr-6liqc]
24/Jul/2026:19:54:23 +0000 [28163] <- 200 text/html;charset=utf-8 73ms [cm-p12345-e67890-aem-author-fr8h4lctr-6liqc]
24/Jul/2026:22:20:14 +0000 [29454] -> HEAD /libs/granite/core/content/login.html HTTP/1.1 [cm-p12345-e67890-aem-author-fr8h4lctr-6liqc]
24/Jul/2026:22:20:15 +0000 [29073] -> HEAD /libs/granite/core/content/login.html HTTP/1.1 [cm-p12345-e67890-aem-author-fr8h4lctr-qs632]
24/Jul/2026:22:20:15 +0000 [29073] <- 200 text/html;charset=utf-8 7ms [cm-p12345-e67890-aem-author-fr8h4lctr-qs632]
24/Jul/2026:22:20:15 +0000 [29455] <- 200 text/plain; version=0.0.4; charset=utf-8 105ms [cm-p12345-e67890-aem-author-fr8h4lctr-6liqc]
24/Jul/2026:22:20:15 +0000 [29455] -> GET /metrics HTTP/1.1 [cm-p12345-e67890-aem-author-fr8h4lctr-6liqc]
24/Jul/2026:22:20:24 +0000 [29456] -> GET /metrics HTTP/1.1 [cm-p12345-e67890-aem-author-fr8h4lctr-6liqc]
24/Jul/2026:22:20:24 +0000 [29456] <- 200 text/plain; version=0.0.4; charset=utf-8 105ms [cm-p12345-e67890-aem-author-fr8h4lctr-6liqc]
24/Jul/2026:22:20:25 +0000 [29457] -> HEAD /systemready HTTP/1.1 [cm-p12345-e67890-aem-author-fr8h4lctr-6liqc]
24/Jul/2026:22:20:25 +0000 [29457] <- 200 application/json 1ms [cm-p12345-e67890-aem-author-fr8h4lctr-6liqc]
24/Jul/2026:22:20:29 +0000 [29458] -> HEAD /libs/granite/core/content/login.html HTTP/1.1 [cm-p12345-e67890-aem-author-fr8h4lctr-6liqc]
24/Jul/2026:22:20:29 +0000 [29458] <- 200 text/html;charset=utf-8 16ms [cm-p12345-e67890-aem-author-fr8h4lctr-6liqc]
24/Jul/2026:22:20:30 +0000 [29074] -> HEAD /libs/granite/core/content/login.html HTTP/1.1 [cm-p12345-e67890-aem-author-fr8h4lctr-qs632]
24/Jul/2026:22:20:30 +0000 [29074] <- 200 text/html;charset=utf-8 8ms [cm-p12345-e67890-aem-author-fr8h4lctr-qs632]
24/Jul/2026:22:20:37 +0000 [29459] <- 200 application/json 1ms [cm-p12345-e67890-aem-author-fr8h4lctr-6liqc]
24/Jul/2026:22:20:37 +0000 [29459] -> HEAD /systemready HTTP/1.1 [cm-p12345-e67890-aem-author-fr8h4lctr-6liqc]
24/Jul/2026:22:20:44 +0000 [29460] <- 200 text/html;charset=utf-8 79ms [cm-p12345-e67890-aem-author-fr8h4lctr-6liqc]
24/Jul/2026:22:20:44 +0000 [29460] -> HEAD /libs/granite/core/content/login.html HTTP/1.1 [cm-p12345-e67890-aem-author-fr8h4lctr-6liqc]
24/Jul/2026:22:20:45 +0000 [29075] -> HEAD /libs/granite/core/content/login.html HTTP/1.1 [cm-p12345-e67890-aem-author-fr8h4lctr-qs632]
24/Jul/2026:22:20:45 +0000 [29075] <- 200 text/html;charset=utf-8 7ms [cm-p12345-e67890-aem-author-fr8h4lctr-qs632]
24/Jul/2026:22:20:49 +0000 [29076] -> HEAD /systemready HTTP/1.1 [cm-p12345-e67890-aem-author-fr8h4lctr-qs632]
24/Jul/2026:22:20:49 +0000 [29076] <- 200 application/json 1ms [cm-p12345-e67890-aem-author-fr8h4lctr-qs632]
24/Jul/2026:22:20:53 +0000 [29077] -> GET /metrics HTTP/1.1 [cm-p12345-e67890-aem-author-fr8h4lctr-qs632]
24/Jul/2026:22:20:54 +0000 [29077] <- 200 text/plain; version=0.0.4; charset=utf-8 112ms [cm-p12345-e67890-aem-author-fr8h4lctr-qs632]
24/Jul/2026:22:20:59 +0000 [29461] <- 200 text/html;charset=utf-8 17ms [cm-p12345-e67890-aem-author-fr8h4lctr-6liqc]
24/Jul/2026:22:20:59 +0000 [29461] -> HEAD /libs/granite/core/content/login.html HTTP/1.1 [cm-p12345-e67890-aem-author-fr8h4lctr-6liqc]
